<html>
<body>
<pre>
<h1>µVision Build Log</h1>
<h2>Tool Versions:</h2>
IDE-Version: ¦ÌVision V5.27.1.0
Copyright (C) 2019 ARM Ltd and ARM Germany GmbH. All rights reserved.
License Information: yan xdyan, gua, LIC=----
 
Tool Versions:
Toolchain:       MDK-Lite  Version: 5.27.1.0
Toolchain Path:  D:\Software\keil\Core\ARM\ARMCC\Bin
C Compiler:      Armcc.exe V5.06 update 6 (build 750)
Assembler:       Armasm.exe V5.06 update 6 (build 750)
Linker/Locator:  ArmLink.exe V5.06 update 6 (build 750)
Library Manager: ArmAr.exe V5.06 update 6 (build 750)
Hex Converter:   FromElf.exe V5.06 update 6 (build 750)
CPU DLL:         SARMCM3.DLL V5.27.1.0
Dialog DLL:      DCM.DLL V1.17.2.0
Target DLL:      CMSIS_AGDI.dll V1.31.17.0
Dialog DLL:      TCM.DLL V1.36.1.0
 
<h2>Project:</h2>
d:\project\zigbee_uart_code\MDK-ARM\zigbee_uart_code.uvprojx
Project File Date:  07/21/2025

<h2>Output:</h2>
*** Using Compiler 'V5.06 update 6 (build 750)', folder: 'D:\Software\keil\Core\ARM\ARMCC\Bin'
Build target 'zigbee_uart_code'
compiling zigbee_uart_handle.c...
..\Core\Src\zigbee_uart_handle.c(137): warning:  #167-D: argument of type "volatile uint8_t *" is incompatible with parameter of type "char *"
          zigbee_uart_data_send(zigbee_info.zigbee_addr);
..\Core\Src\zigbee_uart_handle.c(152): warning:  #167-D: argument of type "volatile uint8_t *" is incompatible with parameter of type "void *restrict"
                  memcpy(zigbee_info.zigbee_id, rx_buffer + 7, 2);
..\Core\Src\zigbee_uart_handle.c(361): warning:  #1-D: last line of file ends without a newline
  }
..\Core\Src\zigbee_uart_handle.c: 3 warnings, 0 errors
linking...
Program Size: Code=8484 RO-data=312 RW-data=28 ZI-data=2212  
FromELF: creating hex file...
"zigbee_uart_code\zigbee_uart_code.axf" - 0 Error(s), 3 Warning(s).

<h2>Software Packages used:</h2>

Package Vendor: ARM
                http://www.keil.com/pack/ARM.CMSIS.5.5.1.pack
                ARM.CMSIS.5.5.1
                CMSIS (Cortex Microcontroller Software Interface Standard)
   * Component: CORE Version: 5.2.0

Package Vendor: Keil
                https://www.keil.com/pack/Keil.STM32F1xx_DFP.2.4.1.pack
                Keil.STM32F1xx_DFP.2.4.1
                STMicroelectronics STM32F1 Series Device Support, Drivers and Examples

<h2>Collection of Component include folders:</h2>
  .\RTE\_zigbee_uart_code
  D:\Software\keil\Packs\ARM\CMSIS\5.5.1\CMSIS\Core\Include
  D:\Software\keil\Packs\Keil\STM32F1xx_DFP\2.4.1\Device\Include

<h2>Collection of Component Files used:</h2>

   * Component: ARM::CMSIS:CORE:5.2.0
Build Time Elapsed:  00:00:02
</pre>
</body>
</html>
